// Jest Snapshot v1, https://goo.gl/fbAQLP

exports[`SearchInputComponent should render correctly 1`] = `
<app-search-input
  favoriteFactsService={[Function Object]}
  filteredOptions={[Function Observable]}
  formControl={[Function FormControl2]}
  selectedFact={[Function EventEmitter_]}
>
  <form
    novalidate=""
  >
    <label>
      Search in favorites: 
      <mat-form-field
        class="mat-mdc-form-field mat-mdc-form-field-type-mat-input mat-form-field-appearance-fill mat-primary ng-untouched ng-pristine ng-valid"
      >
        <div
          class="mat-mdc-text-field-wrapper mdc-text-field mdc-text-field--filled mdc-text-field--no-label"
        >
          <div
            class="mat-mdc-form-field-focus-overlay"
          />
          <div
            class="mat-mdc-form-field-flex"
          >
            <div
              class="mat-mdc-form-field-infix"
            >
              <input
                aria-autocomplete="list"
                aria-expanded="false"
                aria-haspopup="listbox"
                aria-invalid="false"
                aria-required="false"
                autocomplete="off"
                class="mat-mdc-autocomplete-trigger mat-mdc-input-element mat-mdc-form-field-input-control mdc-text-field__input ng-untouched ng-pristine ng-valid cdk-text-field-autofill-monitored"
                id="searchInput"
                matinput=""
                placeholder="Start typing..."
                role="combobox"
                type="text"
              />
              <mat-autocomplete
                class="mat-mdc-autocomplete"
              >
              </mat-autocomplete>
            </div>
          </div>
          <div
            class="mdc-line-ripple mdc-line-ripple--deactivating"
            matformfieldlineripple=""
          />
        </div>
        <div
          class="mat-mdc-form-field-subscript-wrapper mat-mdc-form-field-bottom-align"
        >
          <div
            aria-atomic="true"
            aria-live="polite"
            class="mat-mdc-form-field-hint-wrapper"
          >
            <div
              class="mat-mdc-form-field-hint-spacer"
            />
          </div>
        </div>
      </mat-form-field>
    </label>
  </form>
</app-search-input>
`;
